// Jest Snapshot v1, https://goo.gl/fbAQLP

exports[`App tests Header should render a snapshot header  1`] = `
<div
  class="makeStyles-root-243"
>
  <header
    class="MuiPaper-root MuiPaper-elevation4 MuiAppBar-root MuiAppBar-positionStatic MuiAppBar-colorPrimary"
  >
    <div
      class="MuiToolbar-root MuiToolbar-regular MuiToolbar-gutters"
    >
      <button
        aria-label="menu"
        class="MuiButtonBase-root MuiIconButton-root makeStyles-menuButton-244 MuiIconButton-colorInherit MuiIconButton-edgeStart"
        tabindex="0"
        type="button"
      >
        <span
          class="MuiIconButton-label"
        >
          <svg
            aria-hidden="true"
            class="MuiSvgIcon-root"
            focusable="false"
            role="presentation"
            viewBox="0 0 24 24"
          >
            <path
              d="M3 18h18v-2H3v2zm0-5h18v-2H3v2zm0-7v2h18V6H3z"
            />
          </svg>
        </span>
        <span
          class="MuiTouchRipple-root"
        />
      </button>
      <h6
        class="MuiTypography-root makeStyles-title-245 MuiTypography-h6"
        data-testid="title-header"
      >
        Home
      </h6>
      <button
        class="MuiButtonBase-root MuiButton-root MuiButton-text MuiButton-colorInherit"
        data-testid="button-search"
        tabindex="0"
        type="button"
      >
        <span
          class="MuiButton-label"
        >
          Search list
        </span>
        <span
          class="MuiTouchRipple-root"
        />
      </button>
    </div>
  </header>
</div>
`;
